[17:54:58] [A] cap150: 9,756,141 rows, 6,508 tickers, 3272 dates 2007-01-03..2019-12-31
[17:55:24] null: 297 draws on 4 procs
[17:55:37] null ('pct_from_high_252', 3) done (1/297)
[17:56:03] null ('pct_from_high_252', 9) done (11/297)
[17:56:42] null ('pct_from_high_252', 24) done (21/297)
[17:57:07] null ('pct_from_high_252', 31) done (31/297)
[17:57:45] null ('pct_from_high_252', 42) done (41/297)
[17:58:11] null ('pct_from_high_252', 52) done (51/297)
[17:58:49] null ('pct_from_high_252', 61) done (61/297)
[17:59:15] null ('pct_from_high_252', 69) done (71/297)
[17:59:53] null ('pct_from_high_252', 81) done (81/297)
[18:00:20] null ('pct_from_high_252', 89) done (91/297)
[18:00:59] null ('volatility_60', 3) done (101/297)
[18:01:27] null ('volatility_60', 12) done (111/297)
[18:02:09] null ('volatility_60', 23) done (121/297)
[18:02:36] null ('volatility_60', 32) done (131/297)
[18:03:17] null ('volatility_60', 42) done (141/297)
[18:03:44] null ('volatility_60', 52) done (151/297)
[18:04:25] null ('volatility_60', 64) done (161/297)
[18:04:53] null ('volatility_60', 73) done (171/297)
[18:05:34] null ('volatility_60', 83) done (181/297)
[18:06:02] null ('volatility_60', 93) done (191/297)
[18:06:35] null ('days_to_next_filing_seasonal', 4) done (201/297)
[18:07:00] null ('days_to_next_filing_seasonal', 13) done (211/297)
[18:07:25] null ('days_to_next_filing_seasonal', 24) done (221/297)
[18:07:51] null ('days_to_next_filing_seasonal', 33) done (231/297)
[18:08:17] null ('days_to_next_filing_seasonal', 44) done (241/297)
[18:08:42] null ('days_to_next_filing_seasonal', 53) done (251/297)
[18:09:08] null ('days_to_next_filing_seasonal', 64) done (261/297)
[18:09:34] null ('days_to_next_filing_seasonal', 73) done (271/297)
[18:10:01] null ('days_to_next_filing_seasonal', 83) done (281/297)
[18:10:26] null ('days_to_next_filing_seasonal', 93) done (291/297)
