loading composite_panel + outcome_cache ...
  panel: 12,270,047 rows, outcome coverage 100.0%
  era=nominate: 3,272 trading days, 2007-01-03 to 2019-12-31
loading composite_panel + outcome_cache ...
  panel: 12,270,047 rows, outcome coverage 100.0%
  era=holdout: 1,679 trading days, 2020-01-02 to 2026-09-08
offset 00: 124 windows, terminal $93,318 vs SPY(window) $45,443
offset 01: 124 windows, terminal $110,769 vs SPY(window) $56,129
offset 02: 124 windows, terminal $105,364 vs SPY(window) $50,366
offset 03: 124 windows, terminal $116,504 vs SPY(window) $56,996
offset 04: 124 windows, terminal $112,366 vs SPY(window) $60,035
offset 05: 124 windows, terminal $101,501 vs SPY(window) $47,764
offset 06: 124 windows, terminal $113,646 vs SPY(window) $57,023
offset 07: 124 windows, terminal $89,450 vs SPY(window) $49,400
offset 08: 124 windows, terminal $91,956 vs SPY(window) $47,803
offset 09: 124 windows, terminal $107,114 vs SPY(window) $59,710
offset 10: 124 windows, terminal $91,550 vs SPY(window) $48,111
offset 11: 124 windows, terminal $112,037 vs SPY(window) $63,277
offset 12: 124 windows, terminal $91,972 vs SPY(window) $49,232
offset 13: 124 windows, terminal $85,776 vs SPY(window) $49,963
offset 14: 124 windows, terminal $87,159 vs SPY(window) $50,326
offset 15: 124 windows, terminal $91,731 vs SPY(window) $50,699
offset 16: 124 windows, terminal $96,885 vs SPY(window) $58,824
offset 17: 124 windows, terminal $87,888 vs SPY(window) $49,604
offset 18: 124 windows, terminal $79,299 vs SPY(window) $46,623
offset 19: 124 windows, terminal $86,415 vs SPY(window) $52,375
offset 20: 124 windows, terminal $92,741 vs SPY(window) $56,563
offset 21: 124 windows, terminal $101,913 vs SPY(window) $61,186
offset 22: 124 windows, terminal $80,995 vs SPY(window) $50,313
offset 23: 124 windows, terminal $84,396 vs SPY(window) $48,360
offset 24: 124 windows, terminal $75,751 vs SPY(window) $46,892
offset 25: 124 windows, terminal $73,930 vs SPY(window) $48,647
offset 26: 124 windows, terminal $85,707 vs SPY(window) $53,975
offset 27: 124 windows, terminal $90,745 vs SPY(window) $57,934
offset 28: 124 windows, terminal $83,078 vs SPY(window) $49,055
offset 29: 124 windows, terminal $83,783 vs SPY(window) $50,520
offset 30: 124 windows, terminal $82,322 vs SPY(window) $49,462
offset 31: 124 windows, terminal $72,476 vs SPY(window) $43,112
offset 32: 123 windows, terminal $83,565 vs SPY(window) $46,192
offset 33: 123 windows, terminal $101,084 vs SPY(window) $52,150
offset 34: 123 windows, terminal $96,453 vs SPY(window) $55,086
offset 35: 123 windows, terminal $84,014 vs SPY(window) $45,366
offset 36: 123 windows, terminal $100,319 vs SPY(window) $51,583
offset 37: 123 windows, terminal $103,067 vs SPY(window) $55,202
offset 38: 122 windows, terminal $103,795 vs SPY(window) $57,547
offset 39: 122 windows, terminal $118,863 vs SPY(window) $63,949

{
  "strategy_mean_terminal": 95963.42195432624,
  "strategy_min_offset_terminal": 72475.6575278209,
  "strategy_max_offset_terminal": 118862.91257735167,
  "spy_buyhold_terminal": 54281.67442792222,
  "usmv_buyhold_terminal": NaN,
  "start_date": "2007-01-03",
  "end_date": "2026-07-15"
}

-> /Users/ggraham/pipe_dream/final/out/reset2026/compounding_curve.json
