[19:59:55] column c: 13,241,135 rows, 6,870 tickers, 2007-01-03..2019-12-31
[20:00:02] column c cap150: 9,756,141 rows (2,987,605 added), 6,508 tickers, ins_buyers_90 non-null 100.0000%, fire 0.2109
[20:01:22] harness reconcile OK: {'decile_icw8_frozen': [0.028541632641009042, 0.028541632641009042], 'oos_fit_odd_test_even': [0.04041110565685588, 0.040411105656855885], 'oos_fit_even_test_odd': [0.055397983383733786, 0.055397983383733786]}
[20:01:40] [primary] IC -0.00166 t -0.50 | odd -0.00860 (t -2.17) even +0.00644 (t +1.28) | sector both -0.45 factor-only +2.97 | offset flips 6/40 | max year share 1.2805881490773054 (2007)
[20:02:54] [primary] icw8 +0.02368  icw9 +0.02432  ins t fit-odd -2.17 fit-even +1.28  w +0.0835/+0.0332
[20:03:09] [primary] null 0: +0.02347 (ins t -0.07/-0.29)
[20:03:23] [primary] null 1: +0.02342 (ins t +1.04/+0.56)
[20:03:38] [primary] null 2: +0.02398 (ins t +2.00/+0.02)
[20:03:53] [primary] null 3: +0.02411 (ins t +1.29/+1.40)
[20:04:07] [primary] null 4: +0.02350 (ins t -0.97/-0.68)
[20:04:23] [primary] null 5: +0.02345 (ins t -1.36/+2.30)
[20:04:39] [primary] null 6: +0.02407 (ins t +1.77/-0.85)
[20:04:53] [primary] null 7: +0.02361 (ins t +0.18/-1.06)
[20:05:08] [primary] null 8: +0.02367 (ins t -0.39/+1.27)
[20:05:27] [primary] null 9: +0.02415 (ins t +1.73/+0.49)
[20:05:45] [primary] null 10: +0.02348 (ins t +0.96/-0.41)
[20:06:03] [primary] null 11: +0.02365 (ins t -0.24/-0.16)
[20:06:20] [primary] null 12: +0.02354 (ins t +0.81/+0.00)
[20:06:37] [primary] null 13: +0.02356 (ins t +0.09/-0.12)
[20:06:53] [primary] null 14: +0.02360 (ins t -0.77/-0.61)
[20:07:09] [primary] null 15: +0.02359 (ins t +0.85/+0.78)
[20:07:25] [primary] null 16: +0.02363 (ins t +0.37/-0.52)
[20:07:38] [primary] null 17: +0.02384 (ins t +1.25/-0.87)
[20:07:51] [primary] null 18: +0.02362 (ins t +1.06/+0.08)
[20:08:04] [primary] null 19: +0.02359 (ins t -0.62/-0.59)
[20:08:04] [primary] gates {'g1_pooled_t': False, 'g2_both_halves_positive': False, 'g3_sector_both_sides_t': False, 'g4_zero_offset_flips': False, 'g5_year_share': False, 'g6_beats_null_p80': True} -> KILL
[20:08:12] [secondary_added] IC +0.00905 t +2.36 | odd +0.00433 (t +0.96) even +0.01456 (t +2.47) | sector both +0.60 factor-only +2.40 | offset flips 0/40 | max year share 0.23570682904105447 (2012)
[20:08:29] [secondary_added] icw8 -0.04979  icw9 -0.04925  ins t fit-odd +0.96 fit-even +2.47  w +0.0086/+0.1045
[20:08:34] [secondary_added] null 0: -0.05042 (ins t -0.01/-0.25)
[20:08:38] [secondary_added] null 1: -0.04993 (ins t -0.89/-1.55)
[20:08:42] [secondary_added] null 2: -0.05014 (ins t +0.43/-0.07)
[20:08:47] [secondary_added] null 3: -0.04987 (ins t +1.58/+0.17)
[20:08:51] [secondary_added] null 4: -0.04976 (ins t +1.11/-0.39)
[20:08:55] [secondary_added] null 5: -0.05143 (ins t -2.66/-1.36)
[20:08:59] [secondary_added] null 6: -0.05005 (ins t -0.55/+0.03)
[20:09:04] [secondary_added] null 7: -0.05099 (ins t -0.07/+1.53)
[20:09:08] [secondary_added] null 8: -0.05038 (ins t -0.75/-0.54)
[20:09:12] [secondary_added] null 9: -0.05027 (ins t +0.17/+0.20)
[20:09:16] [secondary_added] null 10: -0.04967 (ins t -0.37/+2.20)
[20:09:21] [secondary_added] null 11: -0.04983 (ins t -1.28/+0.61)
[20:09:25] [secondary_added] null 12: -0.04999 (ins t -0.20/+1.11)
[20:09:29] [secondary_added] null 13: -0.05152 (ins t -2.92/+1.49)
[20:09:33] [secondary_added] null 14: -0.05000 (ins t +1.09/+0.21)
[20:09:38] [secondary_added] null 15: -0.04971 (ins t +1.89/-1.97)
[20:09:42] [secondary_added] null 16: -0.04956 (ins t +1.91/+0.38)
[20:09:46] [secondary_added] null 17: -0.05144 (ins t +2.11/-0.62)
[20:09:51] [secondary_added] null 18: -0.04960 (ins t -1.45/+0.20)
[20:09:55] [secondary_added] null 19: -0.05021 (ins t +1.12/-1.61)
[20:09:55] [secondary_added] gates {'g1_pooled_t': False, 'g2_both_halves_positive': True, 'g3_sector_both_sides_t': False, 'g4_zero_offset_flips': True, 'g5_year_share': True, 'g6_beats_null_p80': True} -> KILL
[20:09:55] wrote /Users/ggraham/pipe_dream/final/out/insider/insider_v2grid_screen_report.json (605s)
