[17:18:58] [B] reconcile R252-EXP +0.02603 (38/40) vs WO-33 +0.02603 (38/40)
[17:18:58] [B] R252                                          +0.0260/yr t +1.70 38/40 f_new 0.565 (21s)
[17:19:00] [B] swapin_momentum_12_1                          +0.0039/yr t +0.78 34/40 f_new 0.416 (24s)
[17:19:03] [B] swapin_pct_from_high_252                      -0.0010/yr t -0.20 19/40 f_new 0.418 (27s)
[17:19:06] [B] swapin_volatility_60                          -0.0037/yr t -2.27  4/40 f_new 0.400 (29s)
[17:19:08] [B] swapin_gross_profitability                    +0.0108/yr t +1.36 35/40 f_new 0.526 (32s)
[17:19:11] [B] swapin_accruals                               -0.0070/yr t -2.07  1/40 f_new 0.414 (35s)
[17:19:14] [B] swapin_net_issuance_pct                       +0.0040/yr t +0.96 34/40 f_new 0.407 (37s)
[17:19:17] [B] swapin_days_to_next_filing_seasonal           -0.0021/yr t -1.12 13/40 f_new 0.409 (40s)
[17:19:19] [B] swapin_short_interest_days_to_cover           +0.0033/yr t +1.37 31/40 f_new 0.436 (43s)
[17:19:22] [B] swapin_seas                                   +0.0022/yr t +0.63 26/40 f_new 0.341 (46s)
[17:19:25] [B] swapout_momentum_12_1                         +0.0187/yr t +1.31 36/40 f_new 0.570 (48s)
[17:19:28] [B] swapout_pct_from_high_252                     +0.0246/yr t +1.91 40/40 f_new 0.558 (51s)
[17:19:30] [B] swapout_volatility_60                         +0.0196/yr t +1.33 40/40 f_new 0.560 (54s)
[17:19:33] [B] swapout_gross_profitability                   +0.0091/yr t +0.96 33/40 f_new 0.464 (57s)
[17:19:36] [B] swapout_accruals                              +0.0194/yr t +1.36 38/40 f_new 0.554 (59s)
[17:19:39] [B] swapout_net_issuance_pct                      +0.0197/yr t +1.31 36/40 f_new 0.561 (62s)
[17:19:41] [B] swapout_days_to_next_filing_seasonal          +0.0263/yr t +1.71 39/40 f_new 0.558 (65s)
[17:19:46] [B] swapout_short_interest_days_to_cover          +0.0230/yr t +1.51 37/40 f_new 0.533 (70s)
[17:19:55] [B] swapout_seas                                  +0.0222/yr t +1.49 40/40 f_new 0.586 (78s)
[17:20:04] [B] R252_si_floor                                 +0.0117/yr t +0.82 32/40 f_new 0.520 (87s)
[17:20:04] [B] done (87s)
[17:20:14] column c: 13,241,135 rows, 6,870 tickers, 2007-01-03..2019-12-31
[17:23:12] [A] reconcile R252-EXP -0.01109 (0/40) vs WO-33 -0.01109 (0/40)
[17:23:12] [A] R252                                          -0.0111/yr t -1.76  0/40 f_new 0.615 (188s)
[17:23:39] [A] swapin_momentum_12_1                          +0.0041/yr t +1.52 38/40 f_new 0.502 (215s)
[17:23:57] [A] swapin_pct_from_high_252                      -0.0005/yr t -0.25 17/40 f_new 0.505 (234s)
[17:24:25] [A] swapin_volatility_60                          -0.0009/yr t -0.95 14/40 f_new 0.493 (262s)
[17:32:24] [A] swapin_gross_profitability                    -0.0089/yr t -2.42  0/40 f_new 0.587 (741s)
[17:32:44] [A] swapin_accruals                               +0.0010/yr t +0.45 29/40 f_new 0.527 (760s)
[17:35:45] [A] swapin_net_issuance_pct                       +0.0032/yr t +1.24 37/40 f_new 0.494 (942s)
[17:36:44] [A] swapin_days_to_next_filing_seasonal           -0.0014/yr t -0.67 16/40 f_new 0.518 (1001s)
[17:36:55] [A] swapin_short_interest_days_to_cover           +0.0000/yr t +0.00  0/40 f_new 0.490 (1011s)
[17:49:45] [A] swapin_seas                                   -0.0027/yr t -0.90  7/40 f_new 0.395 (1781s)
[18:02:09] [A] swapout_momentum_12_1                         -0.0153/yr t -2.78  0/40 f_new 0.622 (2526s)
[18:02:20] [A] swapout_pct_from_high_252                     -0.0079/yr t -1.38  0/40 f_new 0.608 (2536s)
[18:34:58] [A] swapout_volatility_60                         -0.0108/yr t -1.74  0/40 f_new 0.613 (4495s)
[18:35:05] [A] swapout_gross_profitability                   -0.0030/yr t -0.59  8/40 f_new 0.530 (4501s)
[18:36:09] [A] swapout_accruals                              -0.0109/yr t -1.82  0/40 f_new 0.580 (4565s)
[18:36:20] [A] swapout_net_issuance_pct                      -0.0123/yr t -2.15  0/40 f_new 0.610 (4576s)
[18:36:57] [A] swapout_days_to_next_filing_seasonal          -0.0056/yr t -0.90  8/40 f_new 0.583 (4613s)
[18:48:23] [A] swapout_short_interest_days_to_cover          -0.0111/yr t -1.76  0/40 f_new 0.615 (5299s)
[18:48:44] [A] swapout_seas                                  -0.0093/yr t -1.49  0/40 f_new 0.650 (5320s)
[18:49:11] [A] R252_si_floor                                 -0.0111/yr t -1.76  0/40 f_new 0.615 (5347s)
[18:49:11] [A] done (5347s)
